..............                                                           [100%]
14 passed in 1.39s
